[2025-10-11 12:33:56] Joueur non trouvé: Matteo Gigante (fonction: get_wta_proba_40A_sofascore)
[2025-10-11 12:57:03] Joueur non trouvé: Matteo Gigante (fonction: get_wta_proba_40A_sofascore)
[2025-10-11 13:31:31] Joueur non trouvé: Matteo Gigante (fonction: get_wta_proba_40A_sofascore)
[2025-10-11 13:45:02] Joueur non trouvé: Matteo Gigante (fonction: get_wta_proba_40A_sofascore)
[2025-10-11 13:45:27] Joueur non trouvé: Andrej Loncarevic (fonction: get_wta_proba_40A_sofascore)
[2025-10-11 13:57:06] Joueur non trouvé: Matteo Gigante (fonction: get_wta_proba_40A_sofascore)
[2025-10-11 13:57:15] Joueur non trouvé: Andrej Loncarevic (fonction: get_wta_proba_40A_sofascore)
[2025-10-11 14:01:38] Joueur non trouvé: Matteo Gigante (fonction: get_wta_proba_40A_sofascore)
[2025-10-11 14:01:47] Joueur non trouvé: Andrej Loncarevic (fonction: get_wta_proba_40A_sofascore)
[2025-10-11 14:04:29] Joueur non trouvé: Matteo Gigante (fonction: get_wta_proba_40A_sofascore)
[2025-10-11 14:04:37] Joueur non trouvé: Andrej Loncarevic (fonction: get_wta_proba_40A_sofascore)
[2025-10-11 14:14:07] Joueur non trouvé: Matteo Gigante (fonction: get_wta_proba_40A_sofascore)
[2025-10-11 14:14:15] Joueur non trouvé: Andrej Loncarevic (fonction: get_wta_proba_40A_sofascore)
[2025-10-12 01:31:27] Joueur non trouvé: Krisha Mahendran (fonction: get_wta_proba_40A_sofascore)
[2025-10-12 01:31:40] Joueur non trouvé: Duck Hee Lee (fonction: get_wta_proba_40A_sofascore)
[2025-10-12 01:31:43] Joueur non trouvé: Yaojie Zeng (fonction: get_wta_proba_40A_sofascore)
[2025-10-12 01:31:48] Joueur non trouvé: Xing Dao Chen (fonction: get_wta_proba_40A_sofascore)
[2025-10-12 01:31:56] Joueur non trouvé: Mikalai Haliak (fonction: get_wta_proba_40A_sofascore)
[2025-10-12 01:31:59] Joueur non trouvé: Ye Cong Mo (fonction: get_wta_proba_40A_sofascore)
[2025-10-12 01:31:59] Joueur non trouvé: Jacopo Vasami (fonction: get_wta_proba_40A_sofascore)
[2025-10-12 01:32:36] Joueur non trouvé: Louis Binet (fonction: get_wta_proba_40A_sofascore)
[2025-10-12 01:32:36] Joueur non trouvé: Remi Dugardin (fonction: get_wta_proba_40A_sofascore)
[2025-10-12 01:32:39] Joueur non trouvé: Dean Thurner (fonction: get_wta_proba_40A_sofascore)
[2025-10-12 01:32:42] Joueur non trouvé: Arthur Laborde (fonction: get_wta_proba_40A_sofascore)
[2025-10-12 01:32:45] Joueur non trouvé: Marwan Haida-lamrani (fonction: get_wta_proba_40A_sofascore)
[2025-10-12 01:32:48] Joueur non trouvé: Gabriele Volpi (fonction: get_wta_proba_40A_sofascore)
[2025-10-12 01:32:54] Joueur non trouvé: Theo Herrmann (fonction: get_wta_proba_40A_sofascore)
[2025-10-12 01:32:58] Joueur non trouvé: Tom Lacides (fonction: get_wta_proba_40A_sofascore)
[2025-10-12 15:22:54] Joueur non trouvé: Margaret Sohns (fonction: get_wta_proba_40A_sofascore)
[2025-10-12 15:22:54] Joueur non trouvé: Scarlett Fagan (fonction: get_wta_proba_40A_sofascore)
[2025-10-12 15:22:55] Joueur non trouvé: Maya Iacoban (fonction: get_wta_proba_40A_sofascore)
[2025-10-12 15:22:58] Joueur non trouvé: Zynah Amber Salar (fonction: get_wta_proba_40A_sofascore)
[2025-10-12 15:22:58] Joueur non trouvé: Catherine Xie (fonction: get_wta_proba_40A_sofascore)
[2025-10-12 15:22:59] Joueur non trouvé: Sarah Barry (fonction: get_wta_proba_40A_sofascore)
[2025-10-12 15:23:03] Joueur non trouvé: Catherine Isabelle Denysiewicz Slowek (fonction: get_wta_proba_40A_sofascore)
[2025-10-12 15:23:03] Joueur non trouvé: Cristina Elena Tiglea (fonction: get_wta_proba_40A_sofascore)
[2025-10-12 15:23:04] Joueur non trouvé: Isabella Marton (fonction: get_wta_proba_40A_sofascore)
[2025-10-12 15:23:04] Joueur non trouvé: Raphaelle Bruneau (fonction: get_wta_proba_40A_sofascore)
[2025-10-12 15:23:16] Joueur non trouvé: Daniel Merida Aguilar (fonction: get_wta_proba_40A_sofascore)
[2025-10-12 15:23:28] Joueur non trouvé: Eloise Newberry (fonction: get_wta_proba_40A_sofascore)
[2025-10-12 15:23:31] Joueur non trouvé: Niklas Niggemann (fonction: get_wta_proba_40A_sofascore)
[2025-10-12 15:23:56] Joueur non trouvé: Kyle Seelig (fonction: get_wta_proba_40A_sofascore)
[2025-10-12 15:24:00] Joueur non trouvé: Pranav Kumar (fonction: get_wta_proba_40A_sofascore)
[2025-10-12 15:24:03] Joueur non trouvé: Nicolas Arseneault (fonction: get_wta_proba_40A_sofascore)
[2025-10-12 15:24:11] Joueur non trouvé: Marcelo Tomas Barrios Vera (fonction: get_wta_proba_40A_sofascore)
[2025-10-12 15:32:25] Joueur non trouvé: Margaret Sohns (fonction: get_wta_proba_40A_sofascore)
[2025-10-12 15:32:25] Joueur non trouvé: Scarlett Fagan (fonction: get_wta_proba_40A_sofascore)
[2025-10-12 15:32:26] Joueur non trouvé: Maya Iacoban (fonction: get_wta_proba_40A_sofascore)
[2025-10-12 15:32:29] Joueur non trouvé: Zynah Amber Salar (fonction: get_wta_proba_40A_sofascore)
[2025-10-12 15:32:29] Joueur non trouvé: Catherine Xie (fonction: get_wta_proba_40A_sofascore)
[2025-10-12 15:32:30] Joueur non trouvé: Sarah Barry (fonction: get_wta_proba_40A_sofascore)
[2025-10-12 15:32:34] Joueur non trouvé: Catherine Isabelle Denysiewicz Slowek (fonction: get_wta_proba_40A_sofascore)
[2025-10-12 15:32:34] Joueur non trouvé: Cristina Elena Tiglea (fonction: get_wta_proba_40A_sofascore)
[2025-10-12 15:32:35] Joueur non trouvé: Isabella Marton (fonction: get_wta_proba_40A_sofascore)
[2025-10-12 15:32:35] Joueur non trouvé: Raphaelle Bruneau (fonction: get_wta_proba_40A_sofascore)
[2025-10-12 15:32:38] Joueur non trouvé: Eloise Newberry (fonction: get_wta_proba_40A_sofascore)
[2025-10-12 15:32:41] Joueur non trouvé: Niklas Niggemann (fonction: get_wta_proba_40A_sofascore)
[2025-10-12 15:32:55] Joueur non trouvé: Daniel Merida Aguilar (fonction: get_wta_proba_40A_sofascore)
[2025-10-12 15:33:27] Joueur non trouvé: Marcelo Tomas Barrios Vera (fonction: get_wta_proba_40A_sofascore)
[2025-10-12 15:33:32] Joueur non trouvé: Dasha Plekhanova (fonction: get_wta_proba_40A_sofascore)
[2025-10-12 15:33:40] Joueur non trouvé: Sachia Vickery (fonction: get_wta_proba_40A_sofascore)
