[2025-09-29 00:20:46] Joueur non trouvé: Carlos Alcaraz Garfia (fonction: get_wta_proba_40A_sofascore)
[2025-09-29 00:21:00] Joueur non trouvé: Paula Badosa Gibert (fonction: get_wta_proba_40A_sofascore)
[2025-09-29 00:21:21] Joueur non trouvé: Karan Singh (fonction: get_wta_proba_40A_sofascore)
[2025-09-29 00:21:38] Joueur non trouvé: Stefanos Sakellaridis (fonction: get_wta_proba_40A_sofascore)
[2025-09-29 00:21:53] Joueur non trouvé: Stuart Parker (fonction: get_wta_proba_40A_sofascore)
[2025-09-29 00:22:02] Joueur non trouvé: Kennyde Schepper (fonction: get_wta_proba_40A_sofascore)
[2025-09-29 00:22:13] Joueur non trouvé: Alba Maria Coromina Boluda (fonction: get_wta_proba_40A_sofascore)
[2025-09-29 00:22:13] Joueur non trouvé: Estella Jaeger (fonction: get_wta_proba_40A_sofascore)
[2025-09-29 00:22:17] Joueur non trouvé: Georgina Garcia-Perez (fonction: get_wta_proba_40A_sofascore)
[2025-09-29 00:22:25] Joueur non trouvé: Isabel Pascual Montalvo (fonction: get_wta_proba_40A_sofascore)
[2025-09-29 00:22:34] Joueur non trouvé: Paula Navarro Sanchez (fonction: get_wta_proba_40A_sofascore)
[2025-09-29 00:22:44] Joueur non trouvé: Yana Tsion Leonova (fonction: get_wta_proba_40A_sofascore)
[2025-09-29 00:23:05] Joueur non trouvé: Ines Leon (fonction: get_wta_proba_40A_sofascore)
[2025-09-29 00:23:15] Joueur non trouvé: Valentina Abril Bruno (fonction: get_wta_proba_40A_sofascore)
[2025-09-29 00:23:24] Joueur non trouvé: Laura Rabasco Segura (fonction: get_wta_proba_40A_sofascore)
[2025-09-29 00:23:31] Joueur non trouvé: Carlota Corte (fonction: get_wta_proba_40A_sofascore)
[2025-09-29 00:23:39] Joueur non trouvé: Maria Devesa (fonction: get_wta_proba_40A_sofascore)
[2025-09-29 00:23:56] Joueur non trouvé: Jessica Dea Calugar (fonction: get_wta_proba_40A_sofascore)
[2025-09-29 00:24:03] Joueur non trouvé: Karina Maria Capuzu (fonction: get_wta_proba_40A_sofascore)
[2025-09-29 00:24:18] Joueur non trouvé: Cristiana Nicoleta Todoni (fonction: get_wta_proba_40A_sofascore)
[2025-09-29 00:24:18] Joueur non trouvé: Briana Szabo (fonction: get_wta_proba_40A_sofascore)
[2025-09-29 00:24:22] Joueur non trouvé: Sophie Isabele Jurca (fonction: get_wta_proba_40A_sofascore)
[2025-09-29 00:24:22] Joueur non trouvé: Alesia Breaz (fonction: get_wta_proba_40A_sofascore)
[2025-09-29 00:24:30] Joueur non trouvé: Sofia Rocchetti (fonction: get_wta_proba_40A_sofascore)
[2025-09-29 00:24:38] Joueur non trouvé: Amina Anshba (fonction: get_wta_proba_40A_sofascore)
[2025-09-29 00:24:55] Joueur non trouvé: Tayisiya Morderger (fonction: get_wta_proba_40A_sofascore)
[2025-09-29 00:25:04] Joueur non trouvé: Freya Christie (fonction: get_wta_proba_40A_sofascore)
[2025-09-29 00:25:12] Joueur non trouvé: Yana Morderger (fonction: get_wta_proba_40A_sofascore)
[2025-09-29 00:25:23] Joueur non trouvé: Demi Tran (fonction: get_wta_proba_40A_sofascore)
[2025-09-29 00:25:31] Joueur non trouvé: Nadiya Kolb (fonction: get_wta_proba_40A_sofascore)
[2025-09-29 00:25:40] Joueur non trouvé: Mihaela Buzărnescu (fonction: get_wta_proba_40A_sofascore)
[2025-09-29 00:25:40] Joueur non trouvé: Ksenia Zaytseva (fonction: get_wta_proba_40A_sofascore)
[2025-09-29 00:25:44] Joueur non trouvé: Carol Youngsuh Lee (fonction: get_wta_proba_40A_sofascore)
[2025-09-29 00:25:44] Joueur non trouvé: Emily Webley-Smith (fonction: get_wta_proba_40A_sofascore)
[2025-09-29 00:25:48] Joueur non trouvé: Ekaterina Ovcharenko (fonction: get_wta_proba_40A_sofascore)
[2025-09-29 00:26:04] Joueur non trouvé: Alexander Donski (fonction: get_wta_proba_40A_sofascore)
[2025-09-29 00:26:04] Joueur non trouvé: Lilian Marmousez (fonction: get_wta_proba_40A_sofascore)
[2025-09-29 00:26:08] Joueur non trouvé: Max Houkes (fonction: get_wta_proba_40A_sofascore)
[2025-09-29 00:26:16] Joueur non trouvé: Tiago Torres (fonction: get_wta_proba_40A_sofascore)
[2025-09-29 00:26:38] Joueur non trouvé: Duje Ajdukovic (fonction: get_wta_proba_40A_sofascore)
[2025-09-29 00:26:45] Joueur non trouvé: Hugo Maia (fonction: get_wta_proba_40A_sofascore)
[2025-09-29 00:26:53] Joueur non trouvé: Orlando Luz (fonction: get_wta_proba_40A_sofascore)
[2025-09-29 00:27:00] Joueur non trouvé: Javier Barranco Cosano (fonction: get_wta_proba_40A_sofascore)
[2025-09-29 00:27:00] Joueur non trouvé: David Pichler (fonction: get_wta_proba_40A_sofascore)
[2025-09-29 00:27:04] Joueur non trouvé: Sumit Nagal (fonction: get_wta_proba_40A_sofascore)
[2025-09-29 00:27:04] Joueur non trouvé: Sebastian Fanselow (fonction: get_wta_proba_40A_sofascore)
[2025-09-29 00:27:09] Joueur non trouvé: Stefan Latinovic (fonction: get_wta_proba_40A_sofascore)
[2025-09-29 00:27:16] Joueur non trouvé: Alberto Barroso Campos (fonction: get_wta_proba_40A_sofascore)
[2025-09-29 00:27:16] Joueur non trouvé: Radu Albot (fonction: get_wta_proba_40A_sofascore)
[2025-09-29 00:27:27] Joueur non trouvé: Maks Kasnikowski (fonction: get_wta_proba_40A_sofascore)
[2025-09-29 00:27:44] Joueur non trouvé: Julio Cesar Porras (fonction: get_wta_proba_40A_sofascore)
[2025-09-29 00:27:53] Joueur non trouvé: Johan Nikles (fonction: get_wta_proba_40A_sofascore)
[2025-09-29 00:28:08] Joueur non trouvé: Lucas Gerch (fonction: get_wta_proba_40A_sofascore)
[2025-09-29 00:28:39] Joueur non trouvé: Aliona Bolsova Zadoinov (fonction: get_wta_proba_40A_sofascore)
[2025-09-29 00:28:39] Joueur non trouvé: Lucija Ciric Bagaric (fonction: get_wta_proba_40A_sofascore)
[2025-09-29 09:13:02] Joueur non trouvé: Carlos Alcaraz Garfia (fonction: get_wta_proba_40A_sofascore)
[2025-09-29 09:16:49] Joueur non trouvé: Carlos Alcaraz Garfia (fonction: get_wta_proba_40A_sofascore)
[2025-09-29 09:17:14] Joueur non trouvé: Tiantsoa Sarah Rakotomanga Rajaonah (fonction: get_wta_proba_40A_sofascore)
[2025-09-29 09:17:22] Joueur non trouvé: Anastasia Soboleva (fonction: get_wta_proba_40A_sofascore)
[2025-09-29 09:17:29] Joueur non trouvé: JanaFett (fonction: get_wta_proba_40A_sofascore)
[2025-09-29 09:17:44] Joueur non trouvé: Bernarda Pera (fonction: get_wta_proba_40A_sofascore)
[2025-09-29 09:18:13] Joueur non trouvé: Barbora Palicova (fonction: get_wta_proba_40A_sofascore)
[2025-09-29 09:18:22] Joueur non trouvé: Anastasia Zakharova (fonction: get_wta_proba_40A_sofascore)
[2025-09-29 09:18:31] Joueur non trouvé: Kyrian Jacquet (fonction: get_wta_proba_40A_sofascore)
[2025-09-29 09:18:53] Joueur non trouvé: James Kent Trotter (fonction: get_wta_proba_40A_sofascore)
[2025-09-29 09:19:22] Joueur non trouvé: Jason Kubler (fonction: get_wta_proba_40A_sofascore)
[2025-09-29 09:19:22] Joueur non trouvé: Chak Lam Coleman Wong (fonction: get_wta_proba_40A_sofascore)
[2025-09-29 09:19:33] Joueur non trouvé: Rei Sakamoto (fonction: get_wta_proba_40A_sofascore)
[2025-09-29 09:19:40] Joueur non trouvé: Shintaro Mochizuki (fonction: get_wta_proba_40A_sofascore)
[2025-09-29 09:19:48] Joueur non trouvé: Zsombor Piros (fonction: get_wta_proba_40A_sofascore)
[2025-09-29 09:19:57] Joueur non trouvé: Evita Ramirez (fonction: get_wta_proba_40A_sofascore)
[2025-09-29 09:20:08] Joueur non trouvé: Massiva Boukirat (fonction: get_wta_proba_40A_sofascore)
[2025-09-29 09:20:15] Joueur non trouvé: Valentina Steiner (fonction: get_wta_proba_40A_sofascore)
[2025-09-29 09:20:15] Joueur non trouvé: Julie Myatovic (fonction: get_wta_proba_40A_sofascore)
[2025-09-29 09:20:19] Joueur non trouvé: Danique Havermans (fonction: get_wta_proba_40A_sofascore)
[2025-09-29 09:20:19] Joueur non trouvé: Carolann Delaunay (fonction: get_wta_proba_40A_sofascore)
[2025-09-29 09:20:23] Joueur non trouvé: Megan Mae Root (fonction: get_wta_proba_40A_sofascore)
[2025-09-29 09:20:31] Joueur non trouvé: Marie Mattel (fonction: get_wta_proba_40A_sofascore)
[2025-09-29 09:20:40] Joueur non trouvé: Christina Bednarczyk (fonction: get_wta_proba_40A_sofascore)
[2025-09-29 09:20:40] Joueur non trouvé: Ciara Moore (fonction: get_wta_proba_40A_sofascore)
[2025-09-29 09:20:44] Joueur non trouvé: Clarissa Blomqvist (fonction: get_wta_proba_40A_sofascore)
[2025-09-29 09:20:44] Joueur non trouvé: Georgiana Mititelu (fonction: get_wta_proba_40A_sofascore)
[2025-09-29 09:20:48] Joueur non trouvé: Matylda Burylo (fonction: get_wta_proba_40A_sofascore)
[2025-09-29 09:21:04] Joueur non trouvé: Liana Cammilleri (fonction: get_wta_proba_40A_sofascore)
[2025-09-29 09:21:12] Joueur non trouvé: Britt Du Pree (fonction: get_wta_proba_40A_sofascore)
[2025-09-29 09:21:20] Joueur non trouvé: Carlotta Moccia (fonction: get_wta_proba_40A_sofascore)
[2025-09-29 09:21:20] Joueur non trouvé: Severine Deppner (fonction: get_wta_proba_40A_sofascore)
[2025-09-29 09:21:24] Joueur non trouvé: Maimouna Keita (fonction: get_wta_proba_40A_sofascore)
[2025-09-29 09:21:31] Joueur non trouvé: Margaux Komano (fonction: get_wta_proba_40A_sofascore)
[2025-09-29 09:21:40] Joueur non trouvé: Alba Maria Coromina Boluda (fonction: get_wta_proba_40A_sofascore)
[2025-09-29 09:21:49] Joueur non trouvé: Georgina Garcia-Perez (fonction: get_wta_proba_40A_sofascore)
[2025-09-29 09:22:12] Joueur non trouvé: Ines Leon (fonction: get_wta_proba_40A_sofascore)
[2025-09-29 09:22:22] Joueur non trouvé: Carlota Corte (fonction: get_wta_proba_40A_sofascore)
[2025-09-29 09:22:31] Joueur non trouvé: Lucia Hradecka (fonction: get_wta_proba_40A_sofascore)
[2025-09-29 09:22:31] Joueur non trouvé: Laima Vladson (fonction: get_wta_proba_40A_sofascore)
[2025-09-29 09:22:35] Joueur non trouvé: Maaya Rajeshwaran Revathi (fonction: get_wta_proba_40A_sofascore)
[2025-09-29 09:22:35] Joueur non trouvé: Vanesa Mrazova (fonction: get_wta_proba_40A_sofascore)
[2025-09-29 09:22:53] Joueur non trouvé: Anika Jaskova (fonction: get_wta_proba_40A_sofascore)
[2025-09-29 09:22:53] Joueur non trouvé: Claudia Gasparovic (fonction: get_wta_proba_40A_sofascore)
[2025-09-29 09:22:57] Joueur non trouvé: Martina Smolenova (fonction: get_wta_proba_40A_sofascore)
[2025-09-29 09:23:06] Joueur non trouvé: Lola Giza (fonction: get_wta_proba_40A_sofascore)
[2025-09-29 09:23:06] Joueur non trouvé: Amy Sucha (fonction: get_wta_proba_40A_sofascore)
[2025-09-29 09:23:10] Joueur non trouvé: Adrienn Nagy (fonction: get_wta_proba_40A_sofascore)
[2025-09-29 09:23:10] Joueur non trouvé: Adela Polakovicova (fonction: get_wta_proba_40A_sofascore)
[2025-09-29 09:23:14] Joueur non trouvé: Ivana Sebestova (fonction: get_wta_proba_40A_sofascore)
[2025-09-29 09:23:14] Joueur non trouvé: Mia Chudejova (fonction: get_wta_proba_40A_sofascore)
[2025-09-29 09:23:18] Joueur non trouvé: Dominika Pirohova (fonction: get_wta_proba_40A_sofascore)
[2025-09-29 09:23:27] Joueur non trouvé: Jana Otzipka (fonction: get_wta_proba_40A_sofascore)
[2025-09-29 09:23:35] Joueur non trouvé: Julie Pastikova (fonction: get_wta_proba_40A_sofascore)
[2025-09-29 09:23:35] Joueur non trouvé: Lea Belanska (fonction: get_wta_proba_40A_sofascore)
[2025-09-29 09:23:53] Joueur non trouvé: Anna Dvorackova (fonction: get_wta_proba_40A_sofascore)
[2025-09-29 09:24:08] Joueur non trouvé: Arina Gabriela Vasilescu (fonction: get_wta_proba_40A_sofascore)
[2025-09-29 09:24:08] Joueur non trouvé: Sara Victoria Balan (fonction: get_wta_proba_40A_sofascore)
[2025-09-29 09:24:19] Joueur non trouvé: Briana Szabo (fonction: get_wta_proba_40A_sofascore)
[2025-09-29 09:24:28] Joueur non trouvé: Cristina Dinu (fonction: get_wta_proba_40A_sofascore)
[2025-09-29 09:24:28] Joueur non trouvé: Alesia Breaz (fonction: get_wta_proba_40A_sofascore)
[2025-09-30 09:59:29] Joueur non trouvé: Carlos Alcaraz Garfia (fonction: get_wta_proba_40A_sofascore)
[2025-09-30 09:59:45] Joueur non trouvé: Tiantsoa Sarah Rakotomanga Rajaonah (fonction: get_wta_proba_40A_sofascore)
[2025-09-30 09:59:53] Joueur non trouvé: Anastasia Soboleva (fonction: get_wta_proba_40A_sofascore)
[2025-09-30 10:00:01] Joueur non trouvé: JanaFett (fonction: get_wta_proba_40A_sofascore)
[2025-09-30 10:00:55] Joueur non trouvé: James Kent Trotter (fonction: get_wta_proba_40A_sofascore)
[2025-09-30 10:01:06] Joueur non trouvé: Chak Lam Coleman Wong (fonction: get_wta_proba_40A_sofascore)
[2025-09-30 10:01:37] Joueur non trouvé: Evita Ramirez (fonction: get_wta_proba_40A_sofascore)
[2025-09-30 10:01:46] Joueur non trouvé: Massiva Boukirat (fonction: get_wta_proba_40A_sofascore)
[2025-09-30 10:01:54] Joueur non trouvé: Valentina Steiner (fonction: get_wta_proba_40A_sofascore)
[2025-09-30 10:01:54] Joueur non trouvé: Julie Myatovic (fonction: get_wta_proba_40A_sofascore)
[2025-09-30 10:01:58] Joueur non trouvé: Danique Havermans (fonction: get_wta_proba_40A_sofascore)
[2025-09-30 10:01:58] Joueur non trouvé: Carolann Delaunay (fonction: get_wta_proba_40A_sofascore)
[2025-09-30 10:02:02] Joueur non trouvé: Megan Mae Root (fonction: get_wta_proba_40A_sofascore)
[2025-09-30 10:02:10] Joueur non trouvé: Marie Mattel (fonction: get_wta_proba_40A_sofascore)
[2025-09-30 10:02:19] Joueur non trouvé: Christina Bednarczyk (fonction: get_wta_proba_40A_sofascore)
[2025-09-30 10:02:19] Joueur non trouvé: Ciara Moore (fonction: get_wta_proba_40A_sofascore)
[2025-09-30 10:02:23] Joueur non trouvé: Clarissa Blomqvist (fonction: get_wta_proba_40A_sofascore)
[2025-09-30 10:02:23] Joueur non trouvé: Georgiana Mititelu (fonction: get_wta_proba_40A_sofascore)
[2025-09-30 10:02:27] Joueur non trouvé: Matylda Burylo (fonction: get_wta_proba_40A_sofascore)
[2025-09-30 10:02:44] Joueur non trouvé: Liana Cammilleri (fonction: get_wta_proba_40A_sofascore)
[2025-09-30 10:02:51] Joueur non trouvé: Britt Du Pree (fonction: get_wta_proba_40A_sofascore)
[2025-09-30 10:02:59] Joueur non trouvé: Carlotta Moccia (fonction: get_wta_proba_40A_sofascore)
[2025-09-30 10:02:59] Joueur non trouvé: Severine Deppner (fonction: get_wta_proba_40A_sofascore)
[2025-09-30 10:03:03] Joueur non trouvé: Maimouna Keita (fonction: get_wta_proba_40A_sofascore)
[2025-09-30 10:03:11] Joueur non trouvé: Margaux Komano (fonction: get_wta_proba_40A_sofascore)
[2025-09-30 10:03:20] Joueur non trouvé: Alba Maria Coromina Boluda (fonction: get_wta_proba_40A_sofascore)
[2025-09-30 10:03:30] Joueur non trouvé: Georgina Garcia-Perez (fonction: get_wta_proba_40A_sofascore)
[2025-09-30 10:03:53] Joueur non trouvé: Ines Leon (fonction: get_wta_proba_40A_sofascore)
[2025-09-30 10:04:02] Joueur non trouvé: Carlota Corte (fonction: get_wta_proba_40A_sofascore)
[2025-09-30 10:04:12] Joueur non trouvé: Lucia Hradecka (fonction: get_wta_proba_40A_sofascore)
[2025-09-30 10:04:12] Joueur non trouvé: Laima Vladson (fonction: get_wta_proba_40A_sofascore)
[2025-09-30 10:04:16] Joueur non trouvé: Maaya Rajeshwaran Revathi (fonction: get_wta_proba_40A_sofascore)
[2025-09-30 10:04:16] Joueur non trouvé: Vanesa Mrazova (fonction: get_wta_proba_40A_sofascore)
[2025-09-30 10:04:34] Joueur non trouvé: Anika Jaskova (fonction: get_wta_proba_40A_sofascore)
[2025-09-30 10:04:34] Joueur non trouvé: Claudia Gasparovic (fonction: get_wta_proba_40A_sofascore)
[2025-09-30 10:04:38] Joueur non trouvé: Martina Smolenova (fonction: get_wta_proba_40A_sofascore)
[2025-09-30 10:04:47] Joueur non trouvé: Lola Giza (fonction: get_wta_proba_40A_sofascore)
[2025-09-30 10:04:47] Joueur non trouvé: Amy Sucha (fonction: get_wta_proba_40A_sofascore)
[2025-09-30 10:04:51] Joueur non trouvé: Adrienn Nagy (fonction: get_wta_proba_40A_sofascore)
[2025-09-30 10:04:51] Joueur non trouvé: Adela Polakovicova (fonction: get_wta_proba_40A_sofascore)
[2025-09-30 10:04:56] Joueur non trouvé: Ivana Sebestova (fonction: get_wta_proba_40A_sofascore)
[2025-09-30 10:04:56] Joueur non trouvé: Mia Chudejova (fonction: get_wta_proba_40A_sofascore)
[2025-09-30 10:05:00] Joueur non trouvé: Dominika Pirohova (fonction: get_wta_proba_40A_sofascore)
[2025-09-30 10:05:09] Joueur non trouvé: Jana Otzipka (fonction: get_wta_proba_40A_sofascore)
[2025-09-30 10:05:17] Joueur non trouvé: Julie Pastikova (fonction: get_wta_proba_40A_sofascore)
[2025-09-30 10:05:17] Joueur non trouvé: Lea Belanska (fonction: get_wta_proba_40A_sofascore)
[2025-09-30 10:05:35] Joueur non trouvé: Anna Dvorackova (fonction: get_wta_proba_40A_sofascore)
[2025-09-30 10:05:50] Joueur non trouvé: Arina Gabriela Vasilescu (fonction: get_wta_proba_40A_sofascore)
[2025-09-30 10:05:50] Joueur non trouvé: Sara Victoria Balan (fonction: get_wta_proba_40A_sofascore)
[2025-09-30 10:06:01] Joueur non trouvé: Briana Szabo (fonction: get_wta_proba_40A_sofascore)
[2025-09-30 10:06:10] Joueur non trouvé: Cristina Dinu (fonction: get_wta_proba_40A_sofascore)
[2025-09-30 10:06:10] Joueur non trouvé: Alesia Breaz (fonction: get_wta_proba_40A_sofascore)
[2025-09-30 12:05:52] Joueur non trouvé: Carol Young Suh Lee (fonction: get_wta_proba_40A_sofascore)
[2025-09-30 12:07:12] Joueur non trouvé: Aliona Bolsova Zadoinov (fonction: get_wta_proba_40A_sofascore)
[2025-09-30 12:08:13] Joueur non trouvé: Albert Ramos (fonction: get_wta_proba_40A_sofascore)
[2025-09-30 12:09:04] Joueur non trouvé: Ammar Faleh Alhogbani (fonction: get_wta_proba_40A_sofascore)
[2025-09-30 12:09:04] Joueur non trouvé: Kaipo Marshall (fonction: get_wta_proba_40A_sofascore)
[2025-09-30 12:09:08] Joueur non trouvé: Dean Thurner (fonction: get_wta_proba_40A_sofascore)
[2025-09-30 12:09:08] Joueur non trouvé: S Mert Ozdemir (fonction: get_wta_proba_40A_sofascore)
[2025-09-30 12:09:12] Joueur non trouvé: Espen Lagarde (fonction: get_wta_proba_40A_sofascore)
[2025-09-30 12:09:12] Joueur non trouvé: Juan Sebastian Dominguez Collado (fonction: get_wta_proba_40A_sofascore)
[2025-09-30 12:09:16] Joueur non trouvé: Grigory Shebekin (fonction: get_wta_proba_40A_sofascore)
[2025-09-30 12:09:16] Joueur non trouvé: Joe Tyler (fonction: get_wta_proba_40A_sofascore)
[2025-09-30 12:09:21] Joueur non trouvé: Cemil Tugra Duran (fonction: get_wta_proba_40A_sofascore)
[2025-09-30 12:09:30] Joueur non trouvé: Stefan Cooper (fonction: get_wta_proba_40A_sofascore)
[2025-09-30 12:09:30] Joueur non trouvé: Reid Jarvis (fonction: get_wta_proba_40A_sofascore)
[2025-09-30 12:09:34] Joueur non trouvé: Tom Sickenberger (fonction: get_wta_proba_40A_sofascore)
[2025-09-30 12:09:34] Joueur non trouvé: Lars Aregger (fonction: get_wta_proba_40A_sofascore)
[2025-09-30 12:09:45] Joueur non trouvé: Sona Depesova (fonction: get_wta_proba_40A_sofascore)
[2025-09-30 12:09:55] Joueur non trouvé: Alp Horoz (fonction: get_wta_proba_40A_sofascore)
[2025-09-30 12:09:55] Joueur non trouvé: Niklas Waldner (fonction: get_wta_proba_40A_sofascore)
[2025-09-30 12:10:13] Joueur non trouvé: Richard Mallory (fonction: get_wta_proba_40A_sofascore)
[2025-10-01 01:55:14] Joueur non trouvé: Carol Young Suh Lee (fonction: get_wta_proba_40A_sofascore)
[2025-10-01 01:55:42] Joueur non trouvé: Aliona Bolsova Zadoinov (fonction: get_wta_proba_40A_sofascore)
[2025-10-01 01:57:20] Joueur non trouvé: Mattia Bellucci (fonction: get_wta_proba_40A_sofascore)
[2025-10-01 01:57:36] Joueur non trouvé: Jaume Antoni Munar Clar (fonction: get_wta_proba_40A_sofascore)
[2025-10-01 01:57:46] Joueur non trouvé: Sebastian Ofner (fonction: get_wta_proba_40A_sofascore)
[2025-10-01 01:58:01] Joueur non trouvé: Jordan Thompson (fonction: get_wta_proba_40A_sofascore)
[2025-10-01 01:58:23] Joueur non trouvé: Laslo Djere (fonction: get_wta_proba_40A_sofascore)
[2025-10-01 01:58:38] Joueur non trouvé: Alexandre Chevtchenko (fonction: get_wta_proba_40A_sofascore)
[2025-10-01 01:58:54] Joueur non trouvé: Sebastian Baez (fonction: get_wta_proba_40A_sofascore)
[2025-10-01 01:59:04] Joueur non trouvé: Stanislas Wawrinka (fonction: get_wta_proba_40A_sofascore)
[2025-10-01 03:50:35] Joueur non trouvé: Carol Young Suh Lee (fonction: get_wta_proba_40A_sofascore)
[2025-10-01 03:50:53] Joueur non trouvé: Aliona Bolsova Zadoinov (fonction: get_wta_proba_40A_sofascore)
[2025-10-01 03:51:30] Joueur non trouvé: Jaume Antoni Munar Clar (fonction: get_wta_proba_40A_sofascore)
[2025-10-01 03:52:07] Joueur non trouvé: Alexandre Chevtchenko (fonction: get_wta_proba_40A_sofascore)
[2025-10-01 03:52:25] Joueur non trouvé: Stanislas Wawrinka (fonction: get_wta_proba_40A_sofascore)
[2025-10-01 10:28:10] Joueur non trouvé: Carol Young Suh Lee (fonction: get_wta_proba_40A_sofascore)
[2025-10-01 10:28:21] Joueur non trouvé: Aliona Bolsova Zadoinov (fonction: get_wta_proba_40A_sofascore)
[2025-10-01 10:28:57] Joueur non trouvé: Jaume Antoni Munar Clar (fonction: get_wta_proba_40A_sofascore)
[2025-10-01 10:29:14] Joueur non trouvé: Alexandre Chevtchenko (fonction: get_wta_proba_40A_sofascore)
[2025-10-01 10:29:26] Joueur non trouvé: Stanislas Wawrinka (fonction: get_wta_proba_40A_sofascore)
[2025-10-01 11:00:34] Joueur non trouvé: Stanislas Wawrinka (fonction: get_wta_proba_40A_sofascore)
[2025-10-01 11:00:58] Joueur non trouvé: Ivana Sebestova (fonction: get_wta_proba_40A_sofascore)
[2025-10-01 11:01:12] Joueur non trouvé: Katarina Kouzmova (fonction: get_wta_proba_40A_sofascore)
[2025-10-01 11:01:27] Joueur non trouvé: Gabriela Andrea Knutson (fonction: get_wta_proba_40A_sofascore)
[2025-10-01 11:01:27] Joueur non trouvé: Maaya Rajeshwaran Revathi (fonction: get_wta_proba_40A_sofascore)
[2025-10-01 11:01:31] Joueur non trouvé: Laima Vladson (fonction: get_wta_proba_40A_sofascore)
[2025-10-01 11:01:31] Joueur non trouvé: Lucie Havlickova (fonction: get_wta_proba_40A_sofascore)
[2025-10-01 11:01:35] Joueur non trouvé: Kali Supova (fonction: get_wta_proba_40A_sofascore)
[2025-10-01 11:01:45] Joueur non trouvé: Julie Pastikova (fonction: get_wta_proba_40A_sofascore)
[2025-10-01 11:01:55] Joueur non trouvé: Yuriko Miyazaki (fonction: get_wta_proba_40A_sofascore)
[2025-10-01 11:02:17] Joueur non trouvé: Jana Otzipka (fonction: get_wta_proba_40A_sofascore)
[2025-10-01 11:02:17] Joueur non trouvé: Mia Pohankova (fonction: get_wta_proba_40A_sofascore)
[2025-10-01 11:04:28] Joueur non trouvé: Nellie Taraba Wallberg (fonction: get_wta_proba_40A_sofascore)
[2025-10-01 11:04:44] Joueur non trouvé: Viola Turini (fonction: get_wta_proba_40A_sofascore)
[2025-10-01 11:04:53] Joueur non trouvé: Vlada Ekshibarova (fonction: get_wta_proba_40A_sofascore)
[2025-10-01 11:05:01] Joueur non trouvé: Georgia Pedone (fonction: get_wta_proba_40A_sofascore)
[2025-10-01 11:05:25] Joueur non trouvé: Ilary Pistola (fonction: get_wta_proba_40A_sofascore)
[2025-10-01 11:05:55] Joueur non trouvé: Julia Stusek (fonction: get_wta_proba_40A_sofascore)
[2025-10-01 11:06:12] Joueur non trouvé: Ignacio Parisca Romera (fonction: get_wta_proba_40A_sofascore)
[2025-10-01 11:06:51] Joueur non trouvé: Enrique Gimenez Sanchez (fonction: get_wta_proba_40A_sofascore)
[2025-10-01 11:07:43] Joueur non trouvé: Lydia Encheva (fonction: get_wta_proba_40A_sofascore)
[2025-10-03 16:53:21] Joueur non trouvé: Stanislas Wawrinka (fonction: get_wta_proba_40A_sofascore)
[2025-10-03 16:53:43] Joueur non trouvé: Ivana Sebestova (fonction: get_wta_proba_40A_sofascore)
[2025-10-03 16:53:52] Joueur non trouvé: Katarina Kouzmova (fonction: get_wta_proba_40A_sofascore)
[2025-10-03 16:54:00] Joueur non trouvé: Gabriela Andrea Knutson (fonction: get_wta_proba_40A_sofascore)
[2025-10-03 16:54:00] Joueur non trouvé: Maaya Rajeshwaran Revathi (fonction: get_wta_proba_40A_sofascore)
[2025-10-03 16:54:04] Joueur non trouvé: Laima Vladson (fonction: get_wta_proba_40A_sofascore)
[2025-10-03 16:54:04] Joueur non trouvé: Lucie Havlickova (fonction: get_wta_proba_40A_sofascore)
[2025-10-03 16:54:08] Joueur non trouvé: Kali Supova (fonction: get_wta_proba_40A_sofascore)
[2025-10-03 16:54:17] Joueur non trouvé: Julie Pastikova (fonction: get_wta_proba_40A_sofascore)
[2025-10-03 16:54:26] Joueur non trouvé: Yuriko Miyazaki (fonction: get_wta_proba_40A_sofascore)
[2025-10-03 16:54:35] Joueur non trouvé: Jana Otzipka (fonction: get_wta_proba_40A_sofascore)
[2025-10-03 16:54:35] Joueur non trouvé: Mia Pohankova (fonction: get_wta_proba_40A_sofascore)
[2025-10-03 16:56:02] Joueur non trouvé: Nellie Taraba Wallberg (fonction: get_wta_proba_40A_sofascore)
[2025-10-03 16:56:33] Joueur non trouvé: Viola Turini (fonction: get_wta_proba_40A_sofascore)
[2025-10-03 16:56:43] Joueur non trouvé: Vlada Ekshibarova (fonction: get_wta_proba_40A_sofascore)
[2025-10-03 16:56:51] Joueur non trouvé: Georgia Pedone (fonction: get_wta_proba_40A_sofascore)
[2025-10-03 16:57:15] Joueur non trouvé: Ilary Pistola (fonction: get_wta_proba_40A_sofascore)
[2025-10-03 16:57:34] Joueur non trouvé: Julia Stusek (fonction: get_wta_proba_40A_sofascore)
[2025-10-03 16:57:44] Joueur non trouvé: Ignacio Parisca Romera (fonction: get_wta_proba_40A_sofascore)
[2025-10-03 16:57:58] Joueur non trouvé: Enrique Gimenez Sanchez (fonction: get_wta_proba_40A_sofascore)
[2025-10-03 16:58:30] Joueur non trouvé: Lydia Encheva (fonction: get_wta_proba_40A_sofascore)
